// Jest Snapshot v1, https://goo.gl/fbAQLP

exports[`Repos container renders "Repos" deep correctly 1`] = `
<div>
  <div
    className="container"
  >
    <h1
      className="title"
    >
      <span
        className="badge badge-light"
      >
        0
      </span>
       Repositories
    </h1>
    <input
      className="filter form-control"
      onChange={[Function]}
      placeholder="Filter repository"
      type="text"
      value=""
    />
    <div
      className="repos"
    >
      <p>
        No repos found in this account.
      </p>
    </div>
    <div
      className="alert alert-info"
      role="alert"
    >
      <span
        className="octicon octicon-info"
      />
       Tip: Download the 
      <strong>
        <a
          href="https://github.com/zalmoxisus/redux-devtools-extension"
          target="_blnk"
        >
          Redux DevTools
        </a>
      </strong>
       to inspect the Redux store state.
    </div>
  </div>
</div>
`;
